\BOOKMARK [0][-]{chapter*.2}{\376\377\000N\000a\000p\000o\000m\000e\000n\000a\000\040\000o\000\040\000o\000v\000o\000j\000\040\000v\000e\000r\000z\000i\000j\000i}{}% 1
\BOOKMARK [-1][-]{part.1}{\376\377\000P\000r\000v\000i\000\040\000H\000o\000d\000o\001\015\000a\000s\000n\000i\000c\000i}{}% 2
\BOOKMARK [0][-]{chapter.1}{\376\377\000P\000o\000z\000i\000v\000\040\000n\000a\000\040\000H\000i\000p\000e\000r\000i\000o\000n}{part.1}% 3
\BOOKMARK [0][-]{chapter.2}{\376\377\000P\000o\000s\000l\000e\000d\000n\000j\000e\000\040\000h\000o\000d\000o\001\015\000a\001\141\001\007\000e}{part.1}% 4
\BOOKMARK [0][-]{chapter.3}{\376\377\000S\000v\000e\001\141\000t\000e\000n\000i\000k}{part.1}% 5
\BOOKMARK [0][-]{chapter.4}{\376\377\000V\000o\000j\000n\000i\000k}{part.1}% 6
\BOOKMARK [0][-]{chapter.5}{\376\377\000P\000e\000s\000n\000i\000k}{part.1}% 7
\BOOKMARK [0][-]{chapter.6}{\376\377\000N\000a\000u\001\015\000n\000i\000k}{part.1}% 8
\BOOKMARK [0][-]{chapter.7}{\376\377\000D\000e\000t\000e\000k\000t\000i\000v\000k\000a}{part.1}% 9
\BOOKMARK [0][-]{chapter.8}{\376\377\000K\000o\000n\000z\000u\000l}{part.1}% 10
\BOOKMARK [0][-]{chapter.9}{\376\377\000D\000o\000l\000i\000n\000a\000\040\000V\000r\000e\000m\000e\000n\000s\000k\000i\000h\000\040\000g\000r\000o\000b\000n\000i\000c\000a}{part.1}% 11
\BOOKMARK [-1][-]{part.2}{\376\377\000D\000r\000u\000g\000i\000\040\000P\000a\000d}{}% 12
\BOOKMARK [0][-]{chapter.10}{\376\377\000R\000a\000t\000\040\000z\000a\000\040\000H\000i\000p\000e\000r\000i\000o\000n}{part.2}% 13
\BOOKMARK [0][-]{chapter.11}{\376\377\000H\000o\000d\000o\001\015\000a\000s\000n\000i\000c\000i\000\040\000i\000\040\001\140\000r\000a\000j\000k}{part.2}% 14
\BOOKMARK [0][-]{chapter.12}{\376\377\000H\000e\000g\000e\000m\000o\000n\000i\000j\000a\000\040\000i\000\040\000T\000e\000h\000n\000o\000C\000e\000n\000t\000a\000r}{part.2}% 15
\BOOKMARK [0][-]{chapter.13}{\376\377\000V\000r\000e\000m\000e\000\040\000i\000\040\000G\000r\000o\000b\000n\000i\000c\000e}{part.2}% 16
\BOOKMARK [0][-]{chapter.14}{\376\377\000P\000a\000d\000\040\000s\000t\000a\000r\000o\000g\000\040\000p\000o\000r\000e\000t\000k\000a}{part.2}% 17
\BOOKMARK [0][-]{chapter.15}{\376\377\000P\000o\000s\000l\000e\000d\000i\000c\000e}{part.2}% 18
\BOOKMARK [-1][-]{part.3}{\376\377\000T\000r\000e\001\007\000i\000\040\000E\000n\000d\000i\000m\000i\000o\000n}{}% 19
\BOOKMARK [0][-]{chapter.16}{\376\377\000N\000o\000v\000i\000\040\000v\000e\000k}{part.3}% 20
\BOOKMARK [0][-]{chapter.17}{\376\377\000R\000a\000u\000l\000\040\000i\000\040\000E\000n\000e\000a}{part.3}% 21
\BOOKMARK [0][-]{chapter.18}{\376\377\000B\000e\000k\000s\000t\000v\000o\000\040\000k\000r\000o\000z\000\040\000s\000v\000e\000t\000o\000v\000e}{part.3}% 22
\BOOKMARK [0][-]{chapter.19}{\376\377\000C\000r\000k\000v\000a\000\040\000i\000\040\000c\000a\000r\000s\000t\000v\000o}{part.3}% 23
\BOOKMARK [0][-]{chapter.20}{\376\377\000P\000u\000t\000o\000v\000a\000n\000j\000e\000\040\000i\000\040\000p\000o\000v\000e\000r\000e\000n\000j\000e}{part.3}% 24
\BOOKMARK [0][-]{chapter.21}{\376\377\000P\000o\000v\000r\000a\000t\000a\000k\000\040\000n\000a\000\040\000H\000i\000p\000e\000r\000i\000o\000n}{part.3}% 25
\BOOKMARK [-1][-]{part.4}{\376\377\001\014\000e\000t\000v\000r\000t\000i\000\040\000U\000s\000p\000o\000n}{}% 26
\BOOKMARK [0][-]{chapter.22}{\376\377\000E\000n\000e\000j\000i\000n\000a\000\040\000m\000i\000s\000i\000j\000a}{part.4}% 27
\BOOKMARK [0][-]{chapter.23}{\376\377\000L\000j\000u\000b\000a\000v\000\040\000i\000\040\000i\000z\000b\000o\000r}{part.4}% 28
\BOOKMARK [0][-]{chapter.24}{\376\377\000P\000r\000a\000v\000a\000\040\000p\000r\000i\000r\000o\000d\000a\000\040\000s\000u\000k\000o\000b\000a}{part.4}% 29
\BOOKMARK [0][-]{chapter.25}{\376\377\000R\000a\000s\000p\000l\000e\000t\000\040\000s\000v\000e\000t\000o\000v\000a}{part.4}% 30
\BOOKMARK [0][-]{chapter.26}{\376\377\000P\000o\000s\000l\000e\000d\000n\000j\000e\000\040\000p\000u\000t\000o\000v\000a\000n\000j\000e}{part.4}% 31
\BOOKMARK [0][-]{chapter.27}{\376\377\000E\000p\000i\000l\000o\000g}{part.4}% 32
\BOOKMARK [0][-]{chapter*.3}{\376\377\000B\000e\000l\000e\001\141\000k\000e\000\040\000o\000\040\000s\000v\000e\000t\000u}{part.4}% 33
\BOOKMARK [0][-]{chapter*.4}{\376\377\000L\000i\000k\000o\000v\000i}{part.4}% 34
